ï¿½m
[0;32mI (39) boot.ï¿½ets Jul 29 2019 12:21:46

rst:0x1 (POWERON_RESET),boot:0x13 (SPI_FAST_FLASH_BOOT)
configsip: 0, SPIWP:0xee
clk_drv:0x00,q_drv:0x00,d_drv:0x00,cs0_drv:0x00,hd_drv:0x00,wp_drv:0x00
mode:DIO, clock div:2
load:0x3fff0030,len:7176
load:0x40078000,len:15564
ho 0 tail 12 room 4
load:0x40080400,len:4
load:0x40080404,len:3904
entry 0x40080640
[0;32mI (31) boot: ESP-IDF v5.3.1 2nd stage bootloader[0m
[0;32mI (31) boot: compile time Dec  3 2024 18:16:47[0m
[0;32mI (31) boot: Multicore bootloader[0m
[0;32mI (35) boot: chip revision: v3.1[0m
[0;32mI (39) boot.esp32: SPI Speed      : 40MHz[0m
[0;32mI (44) boot.esp32: SPI Mode       : DIO[0m
[0;32mI (48) boot.esp32: SPI Flash Size : 2MB[0m
[0;32mI (53) boot: Enabling RNG early entropy source...[0m
[0;32mI (58) boot: Partition Table:[0m
[0;32mI (62) boot: ## Label            Usage          Type ST Offset   Length[0m
[0;32mI (69) boot:  0 nvs              WiFi data        01 02 00009000 00006000[0m
[0;32mI (77) boot:  1 phy_init         RF data          01 01 0000f000 00001000[0m
[0;32mI (84) boot:  2 factory          factory app      00 00 00010000 00100000[0m
[0;32mI (92) boot: End of partition table[0m
[0;32mI (96) esp_image: segment 0: paddr=00010020 vaddr=3f400020 size=0b9fch ( 47612) map[0m
[0;32mI (121) esp_image: segment 1: paddr=0001ba24 vaddr=3ff80000 size=00004h (     4) load[0m
[0;32mI (121) esp_image: segment 2: paddr=0001ba30 vaddr=3ffb0000 size=02678h (  9848) load[0m
[0;32mI (130) esp_image: segment 3: paddr=0001e0b0 vaddr=40080000 size=01f68h (  8040) load[0m
[0;32mI (138) esp_image: segment 4: paddr=00020020 vaddr=400d0020 size=1cbd4h (117716) map[0m
[0;32mI (184) esp_image: segment 5: paddr=0003cbfc vaddr=40081f68 size=0b980h ( 47488) load[0m
[0;32mI (209) boot: Loaded app from partition at offset 0x10000[0m
[0;32mI (210) boot: Disabling RNG early entropy source...[0m
[0;32mI (221) cpu_start: Multicore app[0m
[0;32mI (230) cpu_start: Pro cpu start user code[0m
[0;32mI (230) cpu_start: cpu freq: 160000000 Hz[0m
[0;32mI (230) app_init: Application information:[0m
[0;32mI (233) app_init: Project name:     app-template[0m
[0;32mI (238) app_init: App version:      1[0m
[0;32mI (242) app_init: Compile time:     Dec  3 2024 18:18:30[0m
[0;32mI (248) app_init: ELF file SHA256:  4d7d6fc95...[0m
[0;32mI (254) app_init: ESP-IDF:          v5.3.1[0m
[0;32mI (259) efuse_init: Min chip rev:     v0.0[0m
[0;32mI (263) efuse_init: Max chip rev:     v3.99 [0m
[0;32mI (268) efuse_init: Chip rev:         v3.1[0m
[0;32mI (273) heap_init: Initializing. RAM available for dynamic allocation:[0m
[0;32mI (280) heap_init: At 3FFAE6E0 len 00001920 (6 KiB): DRAM[0m
[0;32mI (286) heap_init: At 3FFB3558 len 0002CAA8 (178 KiB): DRAM[0m
[0;32mI (293) heap_init: At 3FFE0440 len 00003AE0 (14 KiB): D/IRAM[0m
[0;32mI (299) heap_init: At 3FFE4350 len 0001BCB0 (111 KiB): D/IRAM[0m
[0;32mI (305) heap_init: At 4008D8E8 len 00012718 (73 KiB): IRAM[0m
[0;32mI (313) spi_flash: detected chip: generic[0m
[0;32mI (316) spi_flash: flash io: dio[0m
[0;33mW (320) spi_flash: Detected size(4096k) larger than the size in the binary image header(2048k). Using the size in the binary image header.[0m
[0;32mI (334) main_task: Started on CPU0[0m
[0;32mI (344) main_task: Calling app_main()[0m
Running Experiment262[0;32mI (344) gpio: GPIO[17]| InputEn: 0| OutputEn: 1| OpenDrain: 0| Pullup: 0| Pulldown: 0| Intr:0 [0m
[0;32mI (344) gpio: GPIO[5]| InputEn: 0| OutputEn: 1| OpenDrain: 0| Pullup: 0| Pulldown: 0| Intr:0 [0m
[0;32mI (354) gpio: GPIO[13]| InputEn: 0| OutputEn: 1| OpenDrain: 0| Pullup: 1| Pulldown: 0| Intr:0 [0m
[0;32mI (5364) gpio: GPIO[14]| InputEn: 0| OutputEn: 1| OpenDrain: 0| Pullup: 1| Pulldown: 0| Intr:0 [0m
[0;32mI (10364) gpio: GPIO[23]| InputEn: 0| OutputEn: 1| OpenDrain: 0| Pullup: 0| Pulldown: 0| Intr:0 [0m
D (10364) adc_oneshot: new adc unit0 is created[0m
D (10364) adc_oneshot: new adc unit1 is created[0m

 -12
 6
 6
 3
 0
 0
 9
 -3
 0
 6
 0
 -3
 0
 -3
 0
 -3
 9
 34
 255
 648
 839
 2062
 2748
 3867
 4553
 6082
 6632
 6681
 6592
 6621
 5996
 5781
 6548
 6710
 6558
 5861
 4050
 2852
 -269
 -2074
 -3191
 -4846
 -5909
 -6427
 -7724
 -8399
 -9270
 -10411
 -9812
 -9923
 -9913
 -9971
 -10127
 -10156
 -10199
 -10127
 -9637
 -8673
 -8363
 -6386
 -3495
 1871
 3125
 2812
 4699
 5915
 6064
 6899
 6845
 6155
 4034
 2110
 -748
 -2657
 -6750
 -2681
 -2077
 -873
 -899
 -1116
 -1288
 -2341
 -4743
 -4025
 -3121
 -32
 2757
 2486
 5105
 6823
 5374
 5843
 6777
 5083
 2455
 -870
 -3050
 -5384
 -8415
 -8117
 -7769
 -7632
 -8641
 -8347
 -8639
 -9834
 -6696
 -4246
 -1222
 2275
 3760
 5306
 5667
 6673
 6003
 6168
 6133
 6368
 6562
 6587
 6662
 6815
 6876
 7010
 7058
 5220
 3675
 144
 -1521
 -2609
 -4985
 -7903
 -9361
 -9657
 -9528
 -9716
 -10033
 -10191
 -10266
 -10239
 -10454
 -10642
 -10662
 -10673
 -10874
 -11087
 -10239
 -3808
 -1619
 1229
 3601
 4351
 5317
 5314
 7045
 2223
 1260
 1730
 2384
 2801
 3429
 4699
 6602
 7443
 7584
 8068
 8175
 8377
 8562
 8611
 8606
 8665
 8714
 8712
 8689
 8654
 8506
 7273
 536
 78
 15
 9
 9
 15
 4
 6
 9
 3
 12
 9
 9
 15
 9
 6
 12
 9
 12
 12
 12
 6
 12
 15
 15
 18
 15
 9
 21
 9
 6
 18
 9
 0
 12
 0
 9
 21
 27
 15
 18
 27
 6
 114
 -9
 -15
 -24
 -71
 -127
 -130
 -102
 -91
 -92
 -88
 -80
 -79
 -77
 -74
 -79
 -71
 -71
 -74
 -81
 -74
 -67
 -87
 -76
 -97
 -81
 -65
 -75
 -77
 -80
 -74
 -79
 -87
 -68
 -70
 -79
 -66
 -71
 -80
 -63
 -83
 -33
 -76
 -66
 -64
 -66
 -156
 -55
 -57
 -53
 -62
 -114
 -89
 -62
 -57
 -62
 -58
 -61
 -8
 -61
 -36
 -55
 -63
 -55
 -58
 -55
 -55
 -50
 -59
 -49
 -55
 -57
 -58
 -53
 -57
 -58
 -55
 -55
 -62
 -63
 -58
 -68
 -61
 -73
 -95
 -64
 -60
 -73
 -62
 -66
 -68
 93
 -70
 -72
 -69
 -66
 -72
 -68
 -72
 -58
 -56
 -46
 -53
 -62
 -65
 -65
 -51
 -57
 -18
 -47
 -54
 -49
 -58
 -49
 -46
 -54
 -48
 -47
 33
 -54
 -55
 -44
 -43
 -46
 -67
 -92
 -54
 -57
 -54
 -53
 -54
 -24
 -52
 -51
 -36
 -41
 -21
 -12
 -9
 -9
 -12
 -9
 0
 -78
 -15
 -21
 -21
 -21
 -39
 -39
 -27
 -36
 -24
 -27
 -21
 -15
 -9
 30
 -6
 -9
 -9
 -6
 -15
 -9
 -3
 -21
 -76
 -96
 -60
 -62
 -60
 -61
 -60
 -45
 -59
 -98
 -111
 -63
 -15
 -9
 -12
 -6
 -18
 -18
 -9
 -9
 -3
 3
 6
 -12
 -9
 -18
 -12
 -9
 -3
 -6
 -15
 39
 -3
 -6
 -9
 -6
 -9
 -6
 -9
 -21
 -13
 -9
 -12
 -33
 -36
 -36
 -45
 15
 -30
 -27
 -33
 -36
 -36
 -33
 -41
 -33
 -39
 -36
 -45
 -33
 -36
 -42
 -33
 -33
 -42
 -30
 -33
 -36
 -39
 -36
 -36
 12
 -33
 -32
 -27
 -21
 -27
 -30
 -18
 -40
 -21
 -24
 0
 -9
 -9
 -15
 -15
 -15
 -12
 -12
 -6
 -6
 -3
 9
 19
 24
 24
 24
 27
 12
 24
 12
 6
 -18
 36
 -15
 -12
 -9
 -3
 -18
 27
 -9
 -6
 -9
 -15
 -15
 -12
 -3
 -6
 -12
 -15
 -9
 -12
 -21
 -12
 -6
 -9
 -12
 -33
 -24
 -33
 -36
 -24
 -30
 -36
 -30
 -51
 -24
 -30
 -30
 -42
 -48
 -36
 -39
 -81
 -36
 -40
 -42
 -48
 -48
 -39
 -39
 -48
 -42
 -25
 -36
 -36
 -48
 -69
 -66
 -99
 -139
 -149
 -152
 -121
 -84
 -76
 -70
 -53
 -60
 -48
 -63
 -56
 -60
 -51
 -48
 -51
 -51
 -48
 -48
 -54
 -51
 -48
 -12
 -42
 -50
 -52
 -56
 -69
 -76
 -91
 -100
 -78
 -62
 -77
 -66
 -59
 -62
 -61
 -56
 -48
 -50
 -48
 -45
 -45
 -42
 -36
 -42
 -33
 -36
 -84
 63
 -39
 -36
 -36
 -24
 -18
 -27
 -15
 -24
 -21
 -36
 -30
 -15
 -12
 -18
 -18
 -21
 -24
 -30
 -21
 -33
 -36
 -24
 -15
 -15
 -18
 -12
 -18
 -9
 -12
 -6
 -9
 -6
 36
 0
 6
 9
 -6
 -6
 -15
 -15
 -18
 -24
 -27
 -33
 -90
 -27
 -21
 -3
 -9
 -6
 -9
 -3
 -15
 -33
 -42
 -33
 -33
 -18
 -15
 15
 24
 18
 -51
 24
 18
 15
 27
 1
 18
 21
 15
 27
 21
 15
 12
 6
 12
 12